// Vitest Snapshot v1, https://vitest.dev/guide/snapshot.html

exports[`oak-routing-ctrl-cloudflare > should serve Open API Spec 1`] = `
{
  "components": {
    "parameters": {},
    "schemas": {},
  },
  "info": {
    "description": "This Open API Spec is served by a Cloudflare Workers module. To see the raw spec json, simply request at \`/oas.json\`",
    "title": "Demo API service powered by Cloudflare Workers",
    "version": "1.0.0",
  },
  "openapi": "3.0.0",
  "paths": {
    "/echo/{name}": {
      "get": {
        "parameters": [
          {
            "in": "path",
            "name": "name",
            "required": true,
            "schema": {
              "type": "string",
            },
          },
        ],
        "responses": {
          "200": {
            "content": {
              "application/json": {
                "schema": {
                  "properties": {
                    "body": {
                      "properties": {},
                      "type": "object",
                    },
                    "headers": {
                      "properties": {},
                      "type": "object",
                    },
                    "param": {
                      "properties": {},
                      "type": "object",
                    },
                    "query": {
                      "properties": {},
                      "type": "object",
                    },
                  },
                  "required": [
                    "query",
                    "body",
                    "param",
                    "headers",
                  ],
                  "type": "object",
                },
              },
            },
            "description": "Success response",
          },
        },
      },
      "post": {
        "parameters": [
          {
            "in": "path",
            "name": "name",
            "required": true,
            "schema": {
              "type": "string",
            },
          },
        ],
        "responses": {
          "200": {
            "content": {
              "application/json": {
                "schema": {
                  "properties": {
                    "body": {
                      "properties": {},
                      "type": "object",
                    },
                    "headers": {
                      "properties": {},
                      "type": "object",
                    },
                    "param": {
                      "properties": {},
                      "type": "object",
                    },
                    "query": {
                      "properties": {},
                      "type": "object",
                    },
                  },
                  "required": [
                    "query",
                    "body",
                    "param",
                    "headers",
                  ],
                  "type": "object",
                },
              },
            },
            "description": "Success response",
          },
        },
      },
    },
  },
  "servers": [
    {
      "url": "/",
    },
  ],
}
`;
